/var/tmp/mathis.figuet/4irc-fire-simulator/src/main/java/module/api/Http.java
/var/tmp/mathis.figuet/4irc-fire-simulator/src/main/java/module/json/Json.java
/var/tmp/mathis.figuet/4irc-fire-simulator/src/main/java/managers/FireManager.java
/var/tmp/mathis.figuet/4irc-fire-simulator/src/main/java/module/model/Emergency.java
/var/tmp/mathis.figuet/4irc-fire-simulator/src/main/java/app/Manager.java
/var/tmp/mathis.figuet/4irc-fire-simulator/src/main/java/org/example/App.java
/var/tmp/mathis.figuet/4irc-fire-simulator/src/main/java/app/PropertiesReader.java
/var/tmp/mathis.figuet/4irc-fire-simulator/src/main/java/module/socket/WebSocket.java
/var/tmp/mathis.figuet/4irc-fire-simulator/src/main/java/module/model/Station.java
/var/tmp/mathis.figuet/4irc-fire-simulator/src/main/java/module/api/services/SensorService.java
/var/tmp/mathis.figuet/4irc-fire-simulator/src/main/java/module/model/SensorAdapter.java
/var/tmp/mathis.figuet/4irc-fire-simulator/src/main/java/app/Simulator.java
/var/tmp/mathis.figuet/4irc-fire-simulator/src/main/java/module/api/services/EmergencyService.java
/var/tmp/mathis.figuet/4irc-fire-simulator/src/main/java/module/api/Api.java
/var/tmp/mathis.figuet/4irc-fire-simulator/src/main/java/module/model/EmergencyAdapter.java
/var/tmp/mathis.figuet/4irc-fire-simulator/src/main/java/module/model/Sensor.java
/var/tmp/mathis.figuet/4irc-fire-simulator/src/main/java/app/Main.java
/var/tmp/mathis.figuet/4irc-fire-simulator/src/main/java/managers/Main.java
/var/tmp/mathis.figuet/4irc-fire-simulator/src/main/java/module/socket/Subscriber.java
/var/tmp/mathis.figuet/4irc-fire-simulator/src/main/java/module/model/Coord.java
/var/tmp/mathis.figuet/4irc-fire-simulator/src/main/java/module/api/services/ApiService.java
/var/tmp/mathis.figuet/4irc-fire-simulator/src/main/java/module/json/JsonMapper.java
/var/tmp/mathis.figuet/4irc-fire-simulator/src/main/java/module/socket/Events.java
